// Jest Snapshot v1, https://goo.gl/fbAQLP

exports[`decodeEvent handles non-named params case 1`] = `
Object {
  "decodedTopics": Array [
    "0x8ba1f109551bD432803012645Ac136ddd64DBA72",
    "0xaB7C8803962c0f2F5BBBe3FA8bf41cd82AA1923C",
    Object {
      "hex": "0x0de0b6b3a7640000",
      "type": "BigNumber",
    },
  ],
  "eventFragment": Array [
    "Transfer(address,address,uint256)",
    EventFragment {
      "_isFragment": true,
      "anonymous": false,
      "inputs": Array [
        ParamType {
          "_isParamType": true,
          "arrayChildren": null,
          "arrayLength": null,
          "baseType": "address",
          "components": null,
          "indexed": true,
          "name": null,
          "type": "address",
        },
        ParamType {
          "_isParamType": true,
          "arrayChildren": null,
          "arrayLength": null,
          "baseType": "address",
          "components": null,
          "indexed": true,
          "name": null,
          "type": "address",
        },
        ParamType {
          "_isParamType": true,
          "arrayChildren": null,
          "arrayLength": null,
          "baseType": "uint256",
          "components": null,
          "indexed": null,
          "name": null,
          "type": "uint256",
        },
      ],
      "name": "Transfer",
      "type": "event",
    },
  ],
  "isNamedResult": false,
}
`;
